[{"stream_name":"stdout","time":1.778273454,"data":"================================================================================\n"}
,{"stream_name":"stdout","time":1.778447586,"data":" FORENSIGHT MILESTONE R0: DATASET \u0026 CONFOUND AUDIT\n"}
,{"stream_name":"stdout","time":1.778460993,"data":" Canonical Protocol: yangsangtai/tiny-genimage (7 Generators)\n"}
,{"stream_name":"stdout","time":1.778469413,"data":"================================================================================\n"}
,{"stream_name":"stderr","time":1.779044985,"data":"Traceback (most recent call last):\n"}
,{"stream_name":"stderr","time":1.779095871,"data":"  File \"/kaggle/src/script.py\", line 987, in \u003cmodule\u003e\n"}
,{"stream_name":"stderr","time":1.779474801,"data":"    run_audit()\n"}
,{"stream_name":"stderr","time":1.779502646,"data":"  File \"/kaggle/src/script.py\", line 658, in run_audit\n"}
,{"stream_name":"stderr","time":1.779804001,"data":"    dataset_root = find_kaggle_dataset_root()\n"}
,{"stream_name":"stderr","time":1.779883591,"data":"                   ^^^^^^^^^^^^^^^^^^^^^^^^^^\n"}
,{"stream_name":"stderr","time":1.780031745,"data":"  File \"/kaggle/src/script.py\", line 383, in find_kaggle_dataset_root\n"}
,{"stream_name":"stderr","time":1.780212504,"data":"    raise FileNotFoundError(\n"}
,{"stream_name":"stderr","time":1.780259971,"data":"FileNotFoundError: Could not locate tiny-genimage in /kaggle/input. Available contents: [PosixPath('/kaggle/input/datasets')]\n"}
,{"stream_name":"stderr","time":4.829826648,"data":"/usr/local/lib/python3.12/dist-packages/mistune.py:435: SyntaxWarning: invalid escape sequence '\\|'\n"}
,{"stream_name":"stderr","time":4.829890205,"data":"  cells[i][c] = re.sub('\\\\\\\\\\|', '|', cell)\n"}
,{"stream_name":"stderr","time":5.276551892,"data":"/usr/local/lib/python3.12/dist-packages/nbconvert/filters/filter_links.py:36: SyntaxWarning: invalid escape sequence '\\_'\n"}
,{"stream_name":"stderr","time":5.276611278,"data":"  text = re.sub(r'_', '\\_', text) # Escape underscores in display text\n"}
,{"stream_name":"stderr","time":7.366717504,"data":"[NbConvertApp] Converting notebook __script__.ipynb to html\n"}
,{"stream_name":"stderr","time":9.399852785,"data":"[NbConvertApp] Writing 472200 bytes to __results__.html\n"}
]